// Jest Snapshot v1, https://goo.gl/fbAQLP

exports[`SubGenerator spring-boot-custom-audit of entity-audit JHipster blueprint run should succeed 1`] = `
Object {
  ".yo-rc.json": Object {
    "stateCleared": "modified",
  },
  "src/main/java/com/mycompany/myapp/audit/AsyncEntityAuditEventWriter.java": Object {
    "stateCleared": "modified",
  },
  "src/main/java/com/mycompany/myapp/audit/EntityAuditEventListener.java": Object {
    "stateCleared": "modified",
  },
  "src/main/java/com/mycompany/myapp/domain/AbstractAuditingEntity.java": Object {
    "stateCleared": "modified",
  },
  "src/main/java/com/mycompany/myapp/domain/EntityAuditEvent.java": Object {
    "stateCleared": "modified",
  },
  "src/main/java/com/mycompany/myapp/domain/enumeration/EntityAuditAction.java": Object {
    "stateCleared": "modified",
  },
  "src/main/java/com/mycompany/myapp/repository/EntityAuditEventRepository.java": Object {
    "stateCleared": "modified",
  },
  "src/main/java/com/mycompany/myapp/service/dto/AbstractAuditingDTO.java": Object {
    "stateCleared": "modified",
  },
  "src/main/java/com/mycompany/myapp/web/rest/EntityAuditResource.java": Object {
    "stateCleared": "modified",
  },
  "src/main/resources/config/liquibase/changelog/20220101000100_added_entity_EntityAuditEvent.xml": Object {
    "stateCleared": "modified",
  },
  "src/test/java/com/mycompany/myapp/TechnicalStructureTest.java": Object {
    "stateCleared": "modified",
  },
}
`;
