// Vitest Snapshot v1, https://vitest.dev/guide/snapshot.html

exports[`SubGenerator spring-boot-custom-audit of entity-audit JHipster blueprint > run > should succeed 1`] = `
{
  ".jhipster/Audited.json": {
    "stateCleared": "modified",
  },
  ".yo-rc.json": {
    "stateCleared": "modified",
  },
  "src/main/java/com/mycompany/myapp/GeneratedByJHipster.java": {
    "stateCleared": "modified",
  },
  "src/main/java/com/mycompany/myapp/audit/AsyncEntityAuditEventWriter.java": {
    "stateCleared": "modified",
  },
  "src/main/java/com/mycompany/myapp/audit/EntityAuditEventListener.java": {
    "stateCleared": "modified",
  },
  "src/main/java/com/mycompany/myapp/audit/EntityAuditEventWriter.java": {
    "stateCleared": "modified",
  },
  "src/main/java/com/mycompany/myapp/audit/package-info.java": {
    "stateCleared": "modified",
  },
  "src/main/java/com/mycompany/myapp/domain/Audited.java": {
    "stateCleared": "modified",
  },
  "src/main/java/com/mycompany/myapp/domain/EntityAuditEvent.java": {
    "stateCleared": "modified",
  },
  "src/main/java/com/mycompany/myapp/domain/enumeration/EntityAuditAction.java": {
    "stateCleared": "modified",
  },
  "src/main/java/com/mycompany/myapp/domain/enumeration/package-info.java": {
    "stateCleared": "modified",
  },
  "src/main/java/com/mycompany/myapp/domain/package-info.java": {
    "stateCleared": "modified",
  },
  "src/main/java/com/mycompany/myapp/package-info.java": {
    "stateCleared": "modified",
  },
  "src/main/java/com/mycompany/myapp/repository/EntityAuditEventRepository.java": {
    "stateCleared": "modified",
  },
  "src/main/java/com/mycompany/myapp/repository/package-info.java": {
    "stateCleared": "modified",
  },
  "src/main/java/com/mycompany/myapp/web/rest/EntityAuditResource.java": {
    "stateCleared": "modified",
  },
  "src/main/java/com/mycompany/myapp/web/rest/package-info.java": {
    "stateCleared": "modified",
  },
  "src/main/resources/config/liquibase/changelog/20220101000100_added_entity_EntityAuditEvent.xml": {
    "stateCleared": "modified",
  },
  "src/test/java/com/mycompany/myapp/audit/TestEntityAuditEventWriter.java": {
    "stateCleared": "modified",
  },
  "src/test/java/com/mycompany/myapp/domain/AuditedTest.java": {
    "stateCleared": "modified",
  },
  "src/test/java/com/mycompany/myapp/domain/AuditedTestSamples.java": {
    "stateCleared": "modified",
  },
}
`;
