// Vitest Snapshot v1, https://vitest.dev/guide/snapshot.html

exports[`SubGenerator spring-boot-javers of entity-audit JHipster blueprint > run > should succeed 1`] = `
{
  ".yo-rc.json": {
    "stateCleared": "modified",
  },
  "src/main/java/com/mycompany/myapp/GeneratedByJHipster.java": {
    "stateCleared": "modified",
  },
  "src/main/java/com/mycompany/myapp/config/audit/JaversAuthorProvider.java": {
    "stateCleared": "modified",
  },
  "src/main/java/com/mycompany/myapp/config/audit/package-info.java": {
    "stateCleared": "modified",
  },
  "src/main/java/com/mycompany/myapp/package-info.java": {
    "stateCleared": "modified",
  },
  "src/main/java/com/mycompany/myapp/web/rest/JaversEntityAuditResource.java": {
    "stateCleared": "modified",
  },
  "src/main/java/com/mycompany/myapp/web/rest/dto/EntityAuditAction.java": {
    "stateCleared": "modified",
  },
  "src/main/java/com/mycompany/myapp/web/rest/dto/EntityAuditEvent.java": {
    "stateCleared": "modified",
  },
  "src/main/java/com/mycompany/myapp/web/rest/dto/package-info.java": {
    "stateCleared": "modified",
  },
  "src/main/java/com/mycompany/myapp/web/rest/package-info.java": {
    "stateCleared": "modified",
  },
}
`;
